============================= test session starts =============================
platform win32 -- Python 3.11.9, pytest-9.0.2, pluggy-1.6.0
rootdir: C:\Users\lordk\.gemini\antigravity\scratch\KiCommanderDesktop
collected 7 items

pytest.exe : QThread::wait: Thread tried to wait on itself
At line:1 char:1
+ & .\.venv\Scripts\pytest .\tests\test_queue_manager.py > pytest_ou
tpu ...
+ ~~~~~~~~~~~~~~~~~~~~~~~~~~~~~~~~~~~~~~~~~~~~~~~~~~~~~~~~~~~~~~~~~~
~~~
    + CategoryInfo          : NotSpecified: (QThread::wait: ... wai 
   t on itself:String) [], RemoteException
    + FullyQualifiedErrorId : NativeCommandError
 
QThread: Destroyed while thread '' is still running
tests\test_queue_manager.py .E.E
